Archive member included to satisfy reference by file (symbol)

c:/program files (x86)/microchip/xc8/v2.10/avr/bin/../lib/gcc/avr/5.4.0/avr5/memx-const\libgcc.a(_exit.o)
                              C:/Program Files (x86)/Microchip/MPLABX/v5.35/packs/Microchip/ATmega_DFP/2.1.87/gcc/dev/atmega32a/avr5/memx-const/crtatmega32a.o (exit)
c:/program files (x86)/microchip/xc8/v2.10/avr/bin/../lib/gcc/avr/5.4.0/avr5/memx-const\libgcc.a(_copy_data.o)
                              build/default/production/main.o (__do_copy_data)

Discarded input sections

 .data          0x00000000        0x0 C:/Program Files (x86)/Microchip/MPLABX/v5.35/packs/Microchip/ATmega_DFP/2.1.87/gcc/dev/atmega32a/avr5/memx-const/crtatmega32a.o
 .bss           0x00000000        0x0 C:/Program Files (x86)/Microchip/MPLABX/v5.35/packs/Microchip/ATmega_DFP/2.1.87/gcc/dev/atmega32a/avr5/memx-const/crtatmega32a.o
 .text          0x00000000        0x0 build/default/production/main.o
 .data          0x00000000        0x0 build/default/production/main.o
 .bss           0x00000000        0x0 build/default/production/main.o
 .text          0x00000000        0x0 build/default/production/DIO.o
 .data          0x00000000        0x0 build/default/production/DIO.o
 .bss           0x00000000        0x0 build/default/production/DIO.o
 .text.DDRXas   0x00000000       0x52 build/default/production/DIO.o
 .text.setPORT  0x00000000       0x28 build/default/production/DIO.o
 .text          0x00000000        0x0 build/default/production/lcd.o
 .data          0x00000000        0x0 build/default/production/lcd.o
 .bss           0x00000000        0x0 build/default/production/lcd.o
 .text          0x00000000        0x0 build/default/production/D_INT.o
 .data          0x00000000        0x0 build/default/production/D_INT.o
 .bss           0x00000000        0x0 build/default/production/D_INT.o
 .text          0x00000000        0x0 c:/program files (x86)/microchip/xc8/v2.10/avr/bin/../lib/gcc/avr/5.4.0/avr5/memx-const\libgcc.a(_exit.o)
 .data          0x00000000        0x0 c:/program files (x86)/microchip/xc8/v2.10/avr/bin/../lib/gcc/avr/5.4.0/avr5/memx-const\libgcc.a(_exit.o)
 .bss           0x00000000        0x0 c:/program files (x86)/microchip/xc8/v2.10/avr/bin/../lib/gcc/avr/5.4.0/avr5/memx-const\libgcc.a(_exit.o)
 .text.libgcc.mul
                0x00000000        0x0 c:/program files (x86)/microchip/xc8/v2.10/avr/bin/../lib/gcc/avr/5.4.0/avr5/memx-const\libgcc.a(_exit.o)
 .text.libgcc.div
                0x00000000        0x0 c:/program files (x86)/microchip/xc8/v2.10/avr/bin/../lib/gcc/avr/5.4.0/avr5/memx-const\libgcc.a(_exit.o)
 .text.libgcc   0x00000000        0x0 c:/program files (x86)/microchip/xc8/v2.10/avr/bin/../lib/gcc/avr/5.4.0/avr5/memx-const\libgcc.a(_exit.o)
 .text.libgcc.prologue
                0x00000000        0x0 c:/program files (x86)/microchip/xc8/v2.10/avr/bin/../lib/gcc/avr/5.4.0/avr5/memx-const\libgcc.a(_exit.o)
 .text.libgcc.builtins
                0x00000000        0x0 c:/program files (x86)/microchip/xc8/v2.10/avr/bin/../lib/gcc/avr/5.4.0/avr5/memx-const\libgcc.a(_exit.o)
 .text.libgcc.fmul
                0x00000000        0x0 c:/program files (x86)/microchip/xc8/v2.10/avr/bin/../lib/gcc/avr/5.4.0/avr5/memx-const\libgcc.a(_exit.o)
 .text.libgcc.fixed
                0x00000000        0x0 c:/program files (x86)/microchip/xc8/v2.10/avr/bin/../lib/gcc/avr/5.4.0/avr5/memx-const\libgcc.a(_exit.o)
 .text          0x00000000        0x0 c:/program files (x86)/microchip/xc8/v2.10/avr/bin/../lib/gcc/avr/5.4.0/avr5/memx-const\libgcc.a(_copy_data.o)
 .data          0x00000000        0x0 c:/program files (x86)/microchip/xc8/v2.10/avr/bin/../lib/gcc/avr/5.4.0/avr5/memx-const\libgcc.a(_copy_data.o)
 .bss           0x00000000        0x0 c:/program files (x86)/microchip/xc8/v2.10/avr/bin/../lib/gcc/avr/5.4.0/avr5/memx-const\libgcc.a(_copy_data.o)
 .text.libgcc.mul
                0x00000000        0x0 c:/program files (x86)/microchip/xc8/v2.10/avr/bin/../lib/gcc/avr/5.4.0/avr5/memx-const\libgcc.a(_copy_data.o)
 .text.libgcc.div
                0x00000000        0x0 c:/program files (x86)/microchip/xc8/v2.10/avr/bin/../lib/gcc/avr/5.4.0/avr5/memx-const\libgcc.a(_copy_data.o)
 .text.libgcc   0x00000000        0x0 c:/program files (x86)/microchip/xc8/v2.10/avr/bin/../lib/gcc/avr/5.4.0/avr5/memx-const\libgcc.a(_copy_data.o)
 .text.libgcc.prologue
                0x00000000        0x0 c:/program files (x86)/microchip/xc8/v2.10/avr/bin/../lib/gcc/avr/5.4.0/avr5/memx-const\libgcc.a(_copy_data.o)
 .text.libgcc.builtins
                0x00000000        0x0 c:/program files (x86)/microchip/xc8/v2.10/avr/bin/../lib/gcc/avr/5.4.0/avr5/memx-const\libgcc.a(_copy_data.o)
 .text.libgcc.fmul
                0x00000000        0x0 c:/program files (x86)/microchip/xc8/v2.10/avr/bin/../lib/gcc/avr/5.4.0/avr5/memx-const\libgcc.a(_copy_data.o)
 .text.libgcc.fixed
                0x00000000        0x0 c:/program files (x86)/microchip/xc8/v2.10/avr/bin/../lib/gcc/avr/5.4.0/avr5/memx-const\libgcc.a(_copy_data.o)

Memory Configuration

Name             Origin             Length             Attributes
text             0x00000000         0x00008000         xr
data             0x00800060         0x00000800         rw !x
eeprom           0x00810000         0x00000400         rw !x
fuse             0x00820000         0x00000002         rw !x
lock             0x00830000         0x00000400         rw !x
signature        0x00840000         0x00000400         rw !x
user_signatures  0x00850000         0x00000400         rw !x
*default*        0x00000000         0xffffffff

Linker script and memory map

LOAD C:/Program Files (x86)/Microchip/MPLABX/v5.35/packs/Microchip/ATmega_DFP/2.1.87/gcc/dev/atmega32a/avr5/memx-const/crtatmega32a.o
                0x00000001                __MPLAB_BUILD = 0x1
LOAD build/default/production/main.o
LOAD build/default/production/DIO.o
LOAD build/default/production/lcd.o
LOAD build/default/production/D_INT.o
START GROUP
LOAD c:/program files (x86)/microchip/xc8/v2.10/avr/bin/../lib/gcc/avr/5.4.0/../../../../avr/lib/avr5/memx-const\libm.a
END GROUP
START GROUP
LOAD c:/program files (x86)/microchip/xc8/v2.10/avr/bin/../lib/gcc/avr/5.4.0/avr5/memx-const\libgcc.a
LOAD c:/program files (x86)/microchip/xc8/v2.10/avr/bin/../lib/gcc/avr/5.4.0/../../../../avr/lib/avr5/memx-const\libm.a
LOAD c:/program files (x86)/microchip/xc8/v2.10/avr/bin/../lib/gcc/avr/5.4.0/../../../../avr/lib/avr5/memx-const\libc.a
LOAD C:/Program Files (x86)/Microchip/MPLABX/v5.35/packs/Microchip/ATmega_DFP/2.1.87/gcc/dev/atmega32a/avr5/memx-const\libatmega32a.a
END GROUP
                [0x00000000]                __TEXT_REGION_ORIGIN__ = DEFINED (__TEXT_REGION_ORIGIN__)?__TEXT_REGION_ORIGIN__:0x0
                [0x00800060]                __DATA_REGION_ORIGIN__ = DEFINED (__DATA_REGION_ORIGIN__)?__DATA_REGION_ORIGIN__:0x800060
                [0x00008000]                __TEXT_REGION_LENGTH__ = DEFINED (__TEXT_REGION_LENGTH__)?__TEXT_REGION_LENGTH__:0x20000
                [0x00000800]                __DATA_REGION_LENGTH__ = DEFINED (__DATA_REGION_LENGTH__)?__DATA_REGION_LENGTH__:0xffa0
                [0x00000400]                __EEPROM_REGION_LENGTH__ = DEFINED (__EEPROM_REGION_LENGTH__)?__EEPROM_REGION_LENGTH__:0x10000
                [0x00000002]                __FUSE_REGION_LENGTH__ = DEFINED (__FUSE_REGION_LENGTH__)?__FUSE_REGION_LENGTH__:0x400
                0x00000400                __LOCK_REGION_LENGTH__ = DEFINED (__LOCK_REGION_LENGTH__)?__LOCK_REGION_LENGTH__:0x400
                0x00000400                __SIGNATURE_REGION_LENGTH__ = DEFINED (__SIGNATURE_REGION_LENGTH__)?__SIGNATURE_REGION_LENGTH__:0x400
                0x00000400                __USER_SIGNATURE_REGION_LENGTH__ = DEFINED (__USER_SIGNATURE_REGION_LENGTH__)?__USER_SIGNATURE_REGION_LENGTH__:0x400

.hash
 *(.hash)

.dynsym
 *(.dynsym)

.dynstr
 *(.dynstr)

.gnu.version
 *(.gnu.version)

.gnu.version_d
 *(.gnu.version_d)

.gnu.version_r
 *(.gnu.version_r)

.rel.init
 *(.rel.init)

.rela.init
 *(.rela.init)

.rel.text
 *(.rel.text)
 *(.rel.text.*)
 *(.rel.gnu.linkonce.t*)

.rela.text
 *(.rela.text)
 *(.rela.text.*)
 *(.rela.gnu.linkonce.t*)

.rel.fini
 *(.rel.fini)

.rela.fini
 *(.rela.fini)

.rel.rodata
 *(.rel.rodata)
 *(.rel.rodata.*)
 *(.rel.gnu.linkonce.r*)

.rela.rodata
 *(.rela.rodata)
 *(.rela.rodata.*)
 *(.rela.gnu.linkonce.r*)

.rel.data
 *(.rel.data)
 *(.rel.data.*)
 *(.rel.gnu.linkonce.d*)

.rela.data
 *(.rela.data)
 *(.rela.data.*)
 *(.rela.gnu.linkonce.d*)

.rel.ctors
 *(.rel.ctors)

.rela.ctors
 *(.rela.ctors)

.rel.dtors
 *(.rel.dtors)

.rela.dtors
 *(.rela.dtors)

.rel.got
 *(.rel.got)

.rela.got
 *(.rela.got)

.rel.bss
 *(.rel.bss)

.rela.bss
 *(.rela.bss)

.rel.plt
 *(.rel.plt)

.rela.plt
 *(.rela.plt)

.text           0x00000000      0x100
 *(.vectors)
 .vectors       0x00000000       0x54 C:/Program Files (x86)/Microchip/MPLABX/v5.35/packs/Microchip/ATmega_DFP/2.1.87/gcc/dev/atmega32a/avr5/memx-const/crtatmega32a.o
                0x00000000                __vector_default
                0x00000000                __vectors
 *(.vectors)
 *(.progmem.gcc*)
 *(.dinit)
 .dinit         0x00000054       0x58 data_init
                0x000000ac                . = ALIGN (0x2)
                0x000000ac                __trampolines_start = .
 *(.trampolines)
 .trampolines   0x000000ac        0x0 linker stubs
 *(.trampolines*)
                0x000000ac                __trampolines_end = .
 *libprintf_flt.a:*(.progmem.data)
 *libc.a:*(.progmem.data)
                0x000000ac                . = ALIGN (0x2)
 *(.jumptables)
 *(.jumptables*)
 *(.lowtext)
 *(.lowtext*)
                0x000000ac                __ctors_start = .
 *(.ctors)
                0x000000ac                __ctors_end = .
                0x000000ac                __dtors_start = .
 *(.dtors)
                0x000000ac                __dtors_end = .
 SORT(*)(.ctors)
 SORT(*)(.dtors)
 *(.init0)
 .init0         0x000000ac        0x0 C:/Program Files (x86)/Microchip/MPLABX/v5.35/packs/Microchip/ATmega_DFP/2.1.87/gcc/dev/atmega32a/avr5/memx-const/crtatmega32a.o
                0x000000ac                __init
 *(.init0)
 *(.init1)
 *(.init1)
 *(.init2)
 .init2         0x000000ac        0xc C:/Program Files (x86)/Microchip/MPLABX/v5.35/packs/Microchip/ATmega_DFP/2.1.87/gcc/dev/atmega32a/avr5/memx-const/crtatmega32a.o
 *(.init2)
 *(.init3)
 *(.init3)
 *(.init4)
 .init4         0x000000b8       0x3c c:/program files (x86)/microchip/xc8/v2.10/avr/bin/../lib/gcc/avr/5.4.0/avr5/memx-const\libgcc.a(_copy_data.o)
                0x000000b8                __do_copy_data
                0x000000e6                __do_clear_bss
 *(.init4)
 *(.init5)
 *(.init5)
 *(.init6)
 *(.init6)
 *(.init7)
 *(.init7)
 *(.init8)
 *(.init8)
 *(.init9)
 .init9         0x000000f4        0x8 C:/Program Files (x86)/Microchip/MPLABX/v5.35/packs/Microchip/ATmega_DFP/2.1.87/gcc/dev/atmega32a/avr5/memx-const/crtatmega32a.o
 *(.init9)
                0x000000fc                . = ALIGN (0x2)
 *(.fini9)
 .fini9         0x000000fc        0x0 c:/program files (x86)/microchip/xc8/v2.10/avr/bin/../lib/gcc/avr/5.4.0/avr5/memx-const\libgcc.a(_exit.o)
                0x000000fc                _exit
                0x000000fc                exit
 *(.fini9)
 *(.fini8)
 *(.fini8)
 *(.fini7)
 *(.fini7)
 *(.fini6)
 *(.fini6)
 *(.fini5)
 *(.fini5)
 *(.fini4)
 *(.fini4)
 *(.fini3)
 *(.fini3)
 *(.fini2)
 *(.fini2)
 *(.fini1)
 *(.fini1)
 *(.fini0)
 .fini0         0x000000fc        0x4 c:/program files (x86)/microchip/xc8/v2.10/avr/bin/../lib/gcc/avr/5.4.0/avr5/memx-const\libgcc.a(_exit.o)
 *(.fini0)
                0x00000100                _etext = .

.data           0x00800060        0x0 load address 0x00000100
                [!provide]                PROVIDE (__data_start, .)
 *(.gnu.linkonce.d*)
 *(.gnu.linkonce.r*)
                0x00800060                . = ALIGN (0x2)
 *fill*         0x00800060        0x0 
                0x00800060                _edata = .
                [!provide]                PROVIDE (__data_end, .)

.bss            0x00800060        0x0
                [!provide]                PROVIDE (__bss_start, .)
 *(COMMON)
                [!provide]                PROVIDE (__bss_end, .)
                0x00000100                __data_load_start = LOADADDR (.data)
                0x00000100                __data_load_end = (__data_load_start + SIZEOF (.data))

.noinit         0x00800060        0x0
                [!provide]                PROVIDE (__noinit_start, .)
 *(.noinit*)
                [!provide]                PROVIDE (__noinit_end, .)
                0x00800060                _end = .

.eeprom         0x00810000        0x0
 *(.eeprom*)
                0x00810000                __eeprom_end = .

.fuse
 *(.fuse)
 *(.lfuse)
 *(.hfuse)
 *(.efuse)

.lock
 *(.lock*)

.signature
 *(.signature*)

.user_signatures
 *(.user_signatures*)

.stab
 *(.stab)

.stabstr
 *(.stabstr)

.stab.excl
 *(.stab.excl)

.stab.exclstr
 *(.stab.exclstr)

.stab.index
 *(.stab.index)

.stab.indexstr
 *(.stab.indexstr)

.comment        0x00000000       0x2f
 *(.comment)
 .comment       0x00000000       0x2f build/default/production/main.o
                                 0x30 (size before relaxing)
 .comment       0x0000002f       0x30 build/default/production/DIO.o
 .comment       0x0000002f       0x30 build/default/production/lcd.o
 .comment       0x0000002f       0x30 build/default/production/D_INT.o

.note.gnu.build-id
 *(.note.gnu.build-id)

.debug
 *(.debug)

.line
 *(.line)

.debug_srcinfo
 *(.debug_srcinfo)

.debug_sfnames
 *(.debug_sfnames)

.debug_aranges  0x00000000      0x100
 *(.debug_aranges)
 .debug_aranges
                0x00000000       0x40 build/default/production/main.o
 .debug_aranges
                0x00000040       0x58 build/default/production/DIO.o
 .debug_aranges
                0x00000098       0x48 build/default/production/lcd.o
 .debug_aranges
                0x000000e0       0x20 build/default/production/D_INT.o

.debug_pubnames
 *(.debug_pubnames)

.debug_info     0x00000000     0x1f34
 *(.debug_info .gnu.linkonce.wi.*)
 .debug_info    0x00000000      0x4e6 C:/Program Files (x86)/Microchip/MPLABX/v5.35/packs/Microchip/ATmega_DFP/2.1.87/gcc/dev/atmega32a/avr5/memx-const/crtatmega32a.o
 .debug_info    0x000004e6      0xd0d build/default/production/main.o
 .debug_info    0x000011f3      0x3e9 build/default/production/DIO.o
 .debug_info    0x000015dc      0x6fa build/default/production/lcd.o
 .debug_info    0x00001cd6      0x25e build/default/production/D_INT.o

.debug_abbrev   0x00000000      0x8c2
 *(.debug_abbrev)
 .debug_abbrev  0x00000000      0x4a3 C:/Program Files (x86)/Microchip/MPLABX/v5.35/packs/Microchip/ATmega_DFP/2.1.87/gcc/dev/atmega32a/avr5/memx-const/crtatmega32a.o
 .debug_abbrev  0x000004a3      0x19e build/default/production/main.o
 .debug_abbrev  0x00000641       0xb8 build/default/production/DIO.o
 .debug_abbrev  0x000006f9      0x163 build/default/production/lcd.o
 .debug_abbrev  0x0000085c       0x66 build/default/production/D_INT.o

.debug_line     0x00000000      0xacb
 *(.debug_line .debug_line.* .debug_line_end)
 .debug_line    0x00000000      0x119 C:/Program Files (x86)/Microchip/MPLABX/v5.35/packs/Microchip/ATmega_DFP/2.1.87/gcc/dev/atmega32a/avr5/memx-const/crtatmega32a.o
 .debug_line    0x00000119      0x2c9 build/default/production/main.o
 .debug_line    0x000003e2      0x2fa build/default/production/DIO.o
 .debug_line    0x000006dc      0x27d build/default/production/lcd.o
 .debug_line    0x00000959      0x172 build/default/production/D_INT.o

.debug_frame    0x00000000      0x244
 *(.debug_frame)
 .debug_frame   0x00000000      0x100 build/default/production/main.o
 .debug_frame   0x00000100       0x94 build/default/production/DIO.o
 .debug_frame   0x00000194       0x8c build/default/production/lcd.o
 .debug_frame   0x00000220       0x24 build/default/production/D_INT.o

.debug_str      0x00000000      0x239
 *(.debug_str)
 .debug_str     0x00000000      0x196 C:/Program Files (x86)/Microchip/MPLABX/v5.35/packs/Microchip/ATmega_DFP/2.1.87/gcc/dev/atmega32a/avr5/memx-const/crtatmega32a.o
 .debug_str     0x00000196       0x67 build/default/production/main.o
 .debug_str     0x000001fd       0x16 build/default/production/DIO.o
 .debug_str     0x00000213       0x26 build/default/production/lcd.o
 .debug_str     0x00000239        0x0 build/default/production/D_INT.o

.debug_loc      0x00000000      0xee2
 *(.debug_loc)
 .debug_loc     0x00000000      0x33a build/default/production/main.o
 .debug_loc     0x0000033a      0x6ab build/default/production/DIO.o
 .debug_loc     0x000009e5      0x446 build/default/production/lcd.o
 .debug_loc     0x00000e2b       0xb7 build/default/production/D_INT.o

.debug_macinfo
 *(.debug_macinfo)

.debug_weaknames
 *(.debug_weaknames)

.debug_funcnames
 *(.debug_funcnames)

.debug_typenames
 *(.debug_typenames)

.debug_varnames
 *(.debug_varnames)

.debug_pubtypes
 *(.debug_pubtypes)

.debug_ranges   0x00000000       0xc0
 *(.debug_ranges)
 .debug_ranges  0x00000000       0x30 build/default/production/main.o
 .debug_ranges  0x00000030       0x48 build/default/production/DIO.o
 .debug_ranges  0x00000078       0x38 build/default/production/lcd.o
 .debug_ranges  0x000000b0       0x10 build/default/production/D_INT.o

.debug_macro
 *(.debug_macro)
OUTPUT(dist/default/production/FirstProject.X.production.elf elf32-avr)
LOAD linker stubs
LOAD data_init

.note.gnu.avr.deviceinfo
                0x00000000       0x3c
 .note.gnu.avr.deviceinfo
                0x00000000       0x3c C:/Program Files (x86)/Microchip/MPLABX/v5.35/packs/Microchip/ATmega_DFP/2.1.87/gcc/dev/atmega32a/avr5/memx-const/crtatmega32a.o

.bss.i          0x008000d7        0x2
 .bss.i         0x008000d7        0x2 build/default/production/main.o
                0x008000d7                i

.bss.flag2      0x008000d9        0x1
 .bss.flag2     0x008000d9        0x1 build/default/production/main.o
                0x008000d9                flag2

.bss.flag1      0x008000da        0x1
 .bss.flag1     0x008000da        0x1 build/default/production/main.o
                0x008000da                flag1

.bss.flag0      0x008000db        0x1
 .bss.flag0     0x008000db        0x1 build/default/production/main.o
                0x008000db                flag0

.bss.pos        0x008000dc        0x1
 .bss.pos       0x008000dc        0x1 build/default/production/main.o
                0x008000dc                pos

.text.main      0x00000100      0x138
 .text.main     0x00000100      0x138 build/default/production/main.o
                0x00000100                main

.text.dirIO_DDRX
                0x00000238       0xfe
 .text.dirIO_DDRX
                0x00000238       0xfe build/default/production/DIO.o
                0x00000238                dirIO_DDRX

.text.INT_init  0x00000336       0xe6
 .text.INT_init
                0x00000336       0xe6 build/default/production/D_INT.o
                0x00000336                INT_init

.text.__vector_1
                0x0000041c       0xc4
 .text.__vector_1
                0x0000041c       0xc4 build/default/production/main.o
                0x0000041c                __vector_1

.text.runLEDS   0x000004e0       0x92
 .text.runLEDS  0x000004e0       0x92 build/default/production/main.o
                0x000004e0                runLEDS

.text.resetPIN  0x00000572       0x80
 .text.resetPIN
                0x00000572       0x80 build/default/production/DIO.o
                0x00000572                resetPIN

.text.setPIN    0x000005f2       0x78
 .text.setPIN   0x000005f2       0x78 build/default/production/DIO.o
                0x000005f2                setPIN

.text.togglePIN
                0x0000066a       0x78
 .text.togglePIN
                0x0000066a       0x78 build/default/production/DIO.o
                0x0000066a                togglePIN

.text.isPressed
                0x000006e2       0x68
 .text.isPressed
                0x000006e2       0x68 build/default/production/DIO.o
                0x000006e2                isPressed

.text.showLCD_XY
                0x0000074a       0x66
 .text.showLCD_XY
                0x0000074a       0x66 build/default/production/main.o
                0x0000074a                showLCD_XY

.text.LCD_Command
                0x000007b0       0x4c
 .text.LCD_Command
                0x000007b0       0x4c build/default/production/lcd.o
                0x000007b0                LCD_Command

.text.LCD_Char  0x000007fc       0x4c
 .text.LCD_Char
                0x000007fc       0x4c build/default/production/lcd.o
                0x000007fc                LCD_Char

.text.LCD_Init  0x00000848       0x3c
 .text.LCD_Init
                0x00000848       0x3c build/default/production/lcd.o
                0x00000848                LCD_Init

.text.LCD_String_xy
                0x00000884       0x38
 .text.LCD_String_xy
                0x00000884       0x38 build/default/production/lcd.o
                0x00000884                LCD_String_xy

.text.showLCD   0x000008bc       0x30
 .text.showLCD  0x000008bc       0x30 build/default/production/main.o
                0x000008bc                showLCD

.text.resetPORT
                0x000008ec       0x20
 .text.resetPORT
                0x000008ec       0x20 build/default/production/DIO.o
                0x000008ec                resetPORT

.text.LCD_String
                0x0000090c       0x1e
 .text.LCD_String
                0x0000090c       0x1e build/default/production/lcd.o
                0x0000090c                LCD_String

.text.LCD_Clear
                0x0000092a       0x1a
 .text.LCD_Clear
                0x0000092a       0x1a build/default/production/lcd.o
                0x0000092a                LCD_Clear

.text           0x00000944        0x4
 .text          0x00000944        0x4 C:/Program Files (x86)/Microchip/MPLABX/v5.35/packs/Microchip/ATmega_DFP/2.1.87/gcc/dev/atmega32a/avr5/memx-const/crtatmega32a.o
                0x00000944                __vector_12
                0x00000944                __bad_interrupt
                0x00000944                __vector_6
                0x00000944                __vector_3
                0x00000944                __vector_11
                0x00000944                __vector_13
                0x00000944                __vector_17
                0x00000944                __vector_19
                0x00000944                __vector_7
                0x00000944                __vector_5
                0x00000944                __vector_4
                0x00000944                __vector_9
                0x00000944                __vector_2
                0x00000944                __vector_15
                0x00000944                __vector_8
                0x00000944                __vector_14
                0x00000944                __vector_10
                0x00000944                __vector_16
                0x00000944                __vector_18
                0x00000944                __vector_20

.data.INT       0x00800060       0x11 load address 0x00000948
 .data.INT      0x00800060       0x11 build/default/production/main.o
                0x00800060                INT

.data.o1        0x00800071       0x11 load address 0x00000959
 .data.o1       0x00800071       0x11 build/default/production/main.o
                0x00800071                o1

.data.runLED    0x00800082        0xe load address 0x0000096a
 .data.runLED   0x00800082        0xe build/default/production/main.o
                0x00800082                runLED

.data.on0       0x00800090        0xd load address 0x00000978
 .data.on0      0x00800090        0xd build/default/production/main.o
                0x00800090                on0

.data.off2      0x0080009d        0xc load address 0x00000985
 .data.off2     0x0080009d        0xc build/default/production/main.o
                0x0080009d                off2

.data.off1      0x008000a9        0xc load address 0x00000991
 .data.off1     0x008000a9        0xc build/default/production/main.o
                0x008000a9                off1

.data.off0      0x008000b5        0xc load address 0x0000099d
 .data.off0     0x008000b5        0xc build/default/production/main.o
                0x008000b5                off0

.data.on2       0x008000c1        0xb load address 0x000009a9
 .data.on2      0x008000c1        0xb build/default/production/main.o
                0x008000c1                on2

.data.on1       0x008000cc        0xb load address 0x000009b4
 .data.on1      0x008000cc        0xb build/default/production/main.o
                0x008000cc                on1
